0 verbose cli C:\Users\l'x\.workbuddy\binaries\node\versions\22.22.2-2\node.exe C:\Users\l'x\.workbuddy\binaries\node\versions\22.22.2-2\node_modules\npm\bin\npm-cli.js
1 info using npm@10.9.7
2 info using node@v22.22.2
3 silly config load:file:C:\Users\l'x\.workbuddy\binaries\node\versions\22.22.2-2\node_modules\npm\npmrc
4 silly config load:file:C:\Users\l'x\WorkBuddy\2026-08-14-23-01-31\dsh-plugin-translation\.npmrc
5 silly config load:file:F:\AI-2026\dsh-xiaoxiaoplugins\.npmrc-temp
6 silly config load:file:C:\Users\l'x\.workbuddy\binaries\node\versions\22.22.2-2\etc\npmrc
7 verbose title npm publish
8 verbose argv "publish" "--ignore-scripts" "--cache" "C:\\Users\\l'x\\WorkBuddy\\2026-08-14-23-01-31\\dsh-plugin-translation\\.npm-cache-pub4" "--registry" "https://registry.npmjs.org"
9 verbose logfile logs-max:10 dir:C:\Users\l'x\WorkBuddy\2026-08-14-23-01-31\dsh-plugin-translation\.npm-cache-pub4\_logs\2026-09-11T02_34_35_627Z-
10 verbose logfile C:\Users\l'x\WorkBuddy\2026-08-14-23-01-31\dsh-plugin-translation\.npm-cache-pub4\_logs\2026-09-11T02_34_35_627Z-debug-0.log
11 silly logfile done cleaning log files
12 verbose publish [ '.' ]
13 silly packumentCache heap:4345298944 maxSize:1086324736 maxEntrySize:543162368
14 notice
15 notice package: dsh-plugin-translation@0.3.1
16 notice Tarball Contents
17 notice 1.1kB LICENSE
17 notice 3.3kB README.md
17 notice 1.8kB README.zh.md
17 notice 524B cordis.patch.yml
17 notice 12.6kB lib/index.js
17 notice 17.6kB lib/translation.js
17 notice 1.6kB package.json
18 notice Tarball Details
19 notice name: dsh-plugin-translation
20 notice version: 0.3.1
21 notice filename: dsh-plugin-translation-0.3.1.tgz
22 notice package size: 13.0 kB
23 notice unpacked size: 38.6 kB
24 notice shasum: f5251ea3e984cd93ed774decf3b7ba98d24ba308
25 notice integrity: sha512-0ASInDLLaggbD[...]DrX9rzqQ/5IbA==
26 notice total files: 7
27 notice
28 notice Publishing to https://registry.npmjs.org/ with tag latest and public access
29 http fetch GET 200 https://registry.npmjs.org/npm 2756ms
30 notice Your package is being processed and may take a few minutes to become available.
31 http fetch PUT 202 https://registry.npmjs.org/dsh-plugin-translation 3644ms
32 verbose cwd C:\Users\l'x\WorkBuddy\2026-08-14-23-01-31\dsh-plugin-translation
33 verbose os Windows_NT 10.0.26200
34 verbose node v22.22.2
35 verbose npm  v10.9.7
36 notice
36 notice New major version of npm available! 10.9.7 -> 12.0.2
36 notice Changelog: https://github.com/npm/cli/releases/tag/v12.0.2
36 notice To update run: npm install -g npm@12.0.2
36 notice  { force: true, [Symbol(proc-log.meta)]: true }
37 verbose exit 0
38 info ok
